 [23:22:11] E4 대기: E3 완료 마커(sweep_e3.log)를 기다림...
 [00:51:52] E3 완료 감지 — E4 시작
==========================================================
 [00:51:52] START E4 wind=none/0m/s ep=10 → results_wind0
==========================================================
 [gate] banner=ramp=0.0s cells=5 ep=10 ft_ratio=1.5 pat=aggressive wind=none(ok=1)  (expect ramp=0.0s cells=5 ep=10 ft_ratio=1.5 pat=aggressive)
 [gate] OK (wind=none/0) — running...
 [01:11:57] DONE E4 wind=none/0 exit=0 → results_wind0
 [agg] results_wind0/aggregate.txt written
==========================================================
 [01:11:58] START E4 wind=wind_turbulence/5m/s ep=10 → results_wind5
==========================================================
 [gate] banner=ramp=0.0s cells=5 ep=10 ft_ratio=1.5 pat=aggressive wind=wind_turbulence(ok=1)  (expect ramp=0.0s cells=5 ep=10 ft_ratio=1.5 pat=aggressive)
 [gate] OK (wind=wind_turbulence/5) — running...
 [01:36:27] DONE E4 wind=wind_turbulence/5 exit=0 → results_wind5
 [agg] results_wind5/aggregate.txt written
==========================================================
 [01:36:27] START E4 wind=wind_turbulence/10m/s ep=10 → results_wind10
==========================================================
 [gate] banner=ramp=0.0s cells=5 ep=10 ft_ratio=1.5 pat=aggressive wind=wind_turbulence(ok=1)  (expect ramp=0.0s cells=5 ep=10 ft_ratio=1.5 pat=aggressive)
 [gate] OK (wind=wind_turbulence/10) — running...
 [04:51:49] DONE E4 wind=wind_turbulence/10 exit=0 → results_wind10
 [agg] results_wind10/aggregate.txt written
########## E4 WIND SWEEP DONE: 20260708_045149 ##########
