nohup: 입력 무시
########## SWEEP ALL (combined 하한탐색) 시작: 20260617_134916 ##########

===================================================
 [13:49:16] MODE=combined | values=1.1,1.2,1.25, 1.28, 1.3 → results_combined
===================================================
 [14:31:34] combined sweep 종료 (exit=0)
 [14:31:34] combined 집계 완료 → results_combined/aggregate.txt

===================================================
 [14:31:34] MODE=torque | values=1.2,1.3,1.33,1.35,1.37,1.4,1.45,1.5 → results_torque
===================================================
 [15:21:32] torque sweep 종료 (exit=0)
 [15:21:32] torque 집계 완료 → results_torque/aggregate.txt

===================================================
 [15:21:32] MODE=thrust | values=15,20,25,30 → results_thrust
===================================================
 [15:53:30] thrust sweep 종료 (exit=0)
 [15:53:30] thrust 집계 완료 → results_thrust/aggregate.txt

########## 전부 완료. 요약: ##########
----- results_combined/aggregate.txt -----

[mode=combined]  sweep 단위 = Nm

=== (1) 생존율 ===
   bias |  track                   crash(track) |  hover  | inject
  0.000 |   1.00                                |   1.00  | tq=0.000Nm th=0.000N
  1.100 |   1.00                                |   1.00  | tq=1.100Nm th=5.500N
  1.200 |   0.00   ~78stp {'crash_altitude': 4} |   1.00  | tq=1.200Nm th=6.000N
  1.250 |   0.00   ~70stp {'crash_altitude': 4} |   1.00  | tq=1.250Nm th=6.250N
  1.280 |   0.00   ~68stp {'crash_altitude': 4} |   1.00  | tq=1.280Nm th=6.400N
  1.300 |   0.00   ~67stp {'crash_altitude': 4} |   0.00  | tq=1.300Nm th=6.500N

[결과성 밴드] track 추락 ∧ hover 생존:
  bias ∈ [1.200, 1.280] Nm   (tq=1.200Nm th=6.000N ~ tq=1.280Nm th=6.400N)
  → 학습 공격강도: 이 밴드 중심(1.243Nm) 근처로 샘플링하면 action(track/hover)이 생존을 가르는 구간에 결정이 몰림

=== (2) NIS 정상분포 (bias=0, track) ===
  vel: mean=1.008 std=0.860 99pct=3.896
  gyr: mean=0.553 std=2.143 99pct=11.892
  ※ 이 값이 높으면 정상 기동 자체가 NIS를 튀게 함 → ukf_q_gate_gyro 검토

=== (3) 공격 NIS 분리도 (track / hover, attack-on) ===
   bias    pol |  vel mean  gyr mean gyr d_prime gyr>99pct%
  1.100  track |     1.026     4.116        1.66       4.6%
  1.100  hover |     0.605     1.454        0.42       0.0%
  1.200  track |     1.860     5.876        2.48      21.4%
  1.200  hover |     0.650     1.656        0.51       0.0%
  1.250  track |     2.156     7.619        3.30      29.2%
  1.250  hover |     0.603     1.751        0.56       0.0%
  1.280  track |     2.565    29.271       13.40      23.2%
  1.280  hover |     1.481     1.823        0.59       0.0%
  1.300  track |     2.361     8.872        3.88      25.7%
  1.300  hover |     1.660     1.746        0.56       0.0%

=== (4) CUSUM 비학습 baseline (RHUKF-RL이 이겨야 할 숫자) ===
  k=2.695  h=45.985
  평균 탐지지연 = 30.5 step | 검출 에피소드 20 | FAR(무공격 오경보) = 0.00
  → RHUKF-RL은 (지연 ↓ ∧ FAR ↓)를 동시에 깔아야 RL/필터가 정당화됨.

----- results_torque/aggregate.txt -----

[mode=torque]  sweep 단위 = Nm

=== (1) 생존율 ===
   bias |  track                   crash(track) |  hover  | inject
  0.000 |   1.00                                |   1.00  | tq=0.000Nm th=0.000N
  1.200 |   1.00                                |   1.00  | tq=1.200Nm th=0.000N
  1.300 |   0.00 ~202stp {'crash_flip': 3, 'crash_drift': 1} |   1.00  | tq=1.300Nm th=0.000N
  1.330 |   0.00 ~149stp {'crash_flip': 2, 'crash_drift': 2} |   0.75  | tq=1.330Nm th=0.000N
  1.350 |   0.00       ~52stp {'crash_flip': 4} |   0.25  | tq=1.350Nm th=0.000N
  1.370 |   0.00       ~51stp {'crash_flip': 4} |   0.00  | tq=1.370Nm th=0.000N
  1.400 |   0.00       ~50stp {'crash_flip': 4} |   0.00  | tq=1.400Nm th=0.000N
  1.450 |   0.00       ~50stp {'crash_flip': 4} |   0.00  | tq=1.450Nm th=0.000N
  1.500 |   0.00       ~45stp {'crash_flip': 4} |   0.00  | tq=1.500Nm th=0.000N

[결과성 밴드] track 추락 ∧ hover 생존:
  bias ∈ [1.300, 1.330] Nm   (tq=1.300Nm th=0.000N ~ tq=1.330Nm th=0.000N)
  → 학습 공격강도: 이 밴드 중심(1.315Nm) 근처로 샘플링하면 action(track/hover)이 생존을 가르는 구간에 결정이 몰림

=== (2) NIS 정상분포 (bias=0, track) ===
  vel: mean=0.994 std=0.901 99pct=4.134
  gyr: mean=0.653 std=2.668 99pct=15.270
  ※ 이 값이 높으면 정상 기동 자체가 NIS를 튀게 함 → ukf_q_gate_gyro 검토

=== (3) 공격 NIS 분리도 (track / hover, attack-on) ===
   bias    pol |  vel mean  gyr mean gyr d_prime gyr>99pct%
  1.200  track |     1.089    66.052       24.51      49.4%
  1.200  hover |     0.638     2.305        0.62       0.0%
  1.300  track |     1.278   105.211       39.19      45.6%
  1.300  hover |     0.647     3.038        0.89       0.0%
  1.330  track |     1.485   183.678       68.60      47.2%
  1.330  hover |     1.179   141.050       52.62      62.2%
  1.350  track |     1.294   193.722       72.37      35.6%
  1.350  hover |     1.353   209.774       78.38      71.1%
  1.370  track |     1.174   213.087       79.62      34.1%
  1.370  hover |     1.552   266.402       99.61      66.5%
  1.400  track |     1.485   257.861       96.41      36.6%
  1.400  hover |     1.044   175.333       65.47      41.9%
  1.450  track |     1.779   356.656      133.44      40.0%
  1.450  hover |     1.232   204.610       76.45      37.5%
  1.500  track |     1.323    49.025       18.13      23.8%
  1.500  hover |     1.604   267.777      100.12      35.6%

=== (4) CUSUM 비학습 baseline (RHUKF-RL이 이겨야 할 숫자) ===
  k=3.320  h=59.749
----- results_thrust/aggregate.txt -----

[mode=thrust]  sweep 단위 = N

=== (1) 생존율 ===
   bias |  track                   crash(track) |  hover  | inject
  0.000 |   1.00                                |   1.00  | tq=0.000Nm th=0.000N
 15.000 |   1.00                                |   1.00  | tq=0.000Nm th=15.000N
 20.000 |   1.00                                |   1.00  | tq=0.000Nm th=20.000N
 25.000 |   0.00   ~62stp {'crash_altitude': 4} |   0.00  | tq=0.000Nm th=25.000N
 30.000 |   0.00   ~54stp {'crash_altitude': 4} |   0.00  | tq=0.000Nm th=30.000N

[결과성 밴드] track 추락 ∧ hover 생존:
  ⚠ 없음! track이 안 추락(결과성↓)하거나 bias=track≈hover(정책무관). 다른 mode/값범위 또는 더 날카로운 기동 검토.

=== (2) NIS 정상분포 (bias=0, track) ===
  vel: mean=0.980 std=0.855 99pct=4.141
  gyr: mean=0.580 std=2.180 99pct=11.564
  ※ 이 값이 높으면 정상 기동 자체가 NIS를 튀게 함 → ukf_q_gate_gyro 검토

=== (3) 공격 NIS 분리도 (track / hover, attack-on) ===
   bias    pol |  vel mean  gyr mean gyr d_prime gyr>99pct%
 15.000  track |     1.403     0.667        0.04       0.4%
 15.000  hover |     1.051     0.027       -0.25       0.0%
 20.000  track |     1.691     0.376       -0.09       0.0%
 20.000  hover |     1.367     0.029       -0.25       0.0%
 25.000  track |     3.344     0.742        0.07       0.0%
 25.000  hover |     2.499     0.037       -0.25       0.0%
 30.000  track |    21.669    57.626       26.17       4.2%
 30.000  hover |     8.599     0.161       -0.19       0.0%

=== (4) CUSUM 비학습 baseline (RHUKF-RL이 이겨야 할 숫자) ===
  k=2.760  h=44.020
  평균 탐지지연 = 23.0 step | 검출 에피소드 4 | FAR(무공격 오경보) = 0.00
  → RHUKF-RL은 (지연 ↓ ∧ FAR ↓)를 동시에 깔아야 RL/필터가 정당화됨.

