########## COMBINED ft_ratio SCAN 시작: 20260706_160807 ##########
==========================================================
 [16:08:07] START ft_ratio=0.5 → results_combined_ft05
==========================================================
 [gate] results_combined_ft05: banner=ramp=0.0s cells=27 ep=10 mode=combined?1 ft_ratio=0.5?1
 [gate] sweepline:   [SWEEP] 27 cells × 10 ep | mode=combined ft_ratio=0.5 bias(Nm)=[1.24, 1.28, 1.32, 1.36, 1.4] delays=(1, 2, 3)
 [gate] OK (combined, ft_ratio=0.5, cells=27, ep=10, ramp=0.0) — running...
 [17:42:58] DONE ft_ratio=0.5 exit=0 → results_combined_ft05
 [rows] results_combined_ft05/sweep_summary.csv = 270 data rows (expect 270)
 [agg] results_combined_ft05/aggregate.txt written
==========================================================
 [17:42:58] START ft_ratio=1.0 → results_combined_ft10
==========================================================
 [gate] results_combined_ft10: banner=ramp=0.0s cells=27 ep=10 mode=combined?1 ft_ratio=1.0?1
 [gate] sweepline:   [SWEEP] 27 cells × 10 ep | mode=combined ft_ratio=1.0 bias(Nm)=[1.24, 1.28, 1.32, 1.36, 1.4] delays=(1, 2, 3)
 [gate] OK (combined, ft_ratio=1.0, cells=27, ep=10, ramp=0.0) — running...
 [19:16:49] DONE ft_ratio=1.0 exit=0 → results_combined_ft10
 [rows] results_combined_ft10/sweep_summary.csv = 270 data rows (expect 270)
 [agg] results_combined_ft10/aggregate.txt written
==========================================================
 [19:16:49] START ft_ratio=1.5 → results_combined_ft15
==========================================================
 [gate] results_combined_ft15: banner=ramp=0.0s cells=27 ep=10 mode=combined?1 ft_ratio=1.5?1
 [gate] sweepline:   [SWEEP] 27 cells × 10 ep | mode=combined ft_ratio=1.5 bias(Nm)=[1.24, 1.28, 1.32, 1.36, 1.4] delays=(1, 2, 3)
 [gate] OK (combined, ft_ratio=1.5, cells=27, ep=10, ramp=0.0) — running...
 [20:49:02] DONE ft_ratio=1.5 exit=0 → results_combined_ft15
 [rows] results_combined_ft15/sweep_summary.csv = 270 data rows (expect 270)
 [agg] results_combined_ft15/aggregate.txt written
########## ALL 3 ft_ratio SWEEPS DONE: 20260706_204902 ##########
