==========================================================
 [05:20:40] START STEP2 wind=none/0m/s ep=5 → results_wind_v2_w0
 [gate] wind=none(ok=1)
 [05:28:40] DONE wind=none/0 exit=0 → results_wind_v2_w0
 [agg] results_wind_v2_w0/aggregate.txt
==========================================================
 [05:28:40] START STEP2 wind=wind_turbulence/3m/s ep=5 → results_wind_v2_w3
 [gate] wind=wind_turbulence(ok=1)
 [05:36:57] DONE wind=wind_turbulence/3 exit=0 → results_wind_v2_w3
 [agg] results_wind_v2_w3/aggregate.txt
==========================================================
 [05:36:57] START STEP2 wind=wind_turbulence/5m/s ep=5 → results_wind_v2_w5
 [gate] wind=wind_turbulence(ok=1)
 [05:45:18] DONE wind=wind_turbulence/5 exit=0 → results_wind_v2_w5
 [agg] results_wind_v2_w5/aggregate.txt
==========================================================
 [05:45:18] START STEP2 wind=wind_turbulence/7m/s ep=5 → results_wind_v2_w7
 [gate] wind=wind_turbulence(ok=1)
 [05:53:55] DONE wind=wind_turbulence/7 exit=0 → results_wind_v2_w7
 [agg] results_wind_v2_w7/aggregate.txt
########## STEP2 WIND_V2 DONE: 20260708_055355 ##########
