[02:20:57] circle+figure8 benign 캡처 START
[02:24:13] 캡처 DONE rc=0
=== 회전지점 gyro 분석 ===
==================================================================================
 circle/figure8 회전 지점 gyro NIS — ω(회전량) vs dω/dt(회전변화)
==================================================================================

【circle】 수평비행 스텝 1455/1455  (speed>0.2)
  omega_norm : p50=0.201 p90=0.521 p99=0.632 max=0.701
  gyro NIS   : p50=0.10 p90=0.18 p99=0.26 max=0.34
  corr(gyroNIS, ω)     = +0.054   ← 회전량 자체
  corr(gyroNIS, |dω/dt|)= -0.024   ← 회전 변화율(각가속/토크저크)
  corr(gyroNIS, |droll|)= -0.012   ← roll rate
  ω 상위10% 구간 gyroNIS 평균  = 0.11
  dω/dt 상위10% 구간 gyroNIS 평균= 0.11   ← 이게 크면 '변화'가 원인

【figure8】 수평비행 스텝 1455/1455  (speed>0.2)
  omega_norm : p50=0.289 p90=0.568 p99=0.641 max=0.711
  gyro NIS   : p50=0.10 p90=0.18 p99=0.28 max=0.46
  corr(gyroNIS, ω)     = -0.091   ← 회전량 자체
  corr(gyroNIS, |dω/dt|)= +0.006   ← 회전 변화율(각가속/토크저크)
  corr(gyroNIS, |droll|)= +0.094   ← roll rate
  ω 상위10% 구간 gyroNIS 평균  = 0.11
  dω/dt 상위10% 구간 gyroNIS 평균= 0.11   ← 이게 크면 '변화'가 원인

판정: corr(gyroNIS,dω/dt) >> corr(gyroNIS,ω) 이면
  = 정상회전(ω)은 예측됨, 회전의 '변화'(각가속=토크저크)에서만 잔차 → 사용자 직관 정밀화
CF_CHAIN_DONE 02:24:17
