[08-31 01:52] gyroonly_adam agent=adam env='ADAM_LR=1e-3 NET_HIDDEN=16 ATK_ON_LO=10 ATK_ON_HI=20 ATK_OFF_LO=25 ATK_OFF_HI=40 GYRO_ONLY=1' START
[08-31 05:22] gyroonly_adam END rc=124 ep=160
[05:22] full12_adam SKIP
[05:22] on40_rhukf SKIP
[05:22] on40_adam SKIP
[08-31 05:22] on15_rhukf agent=rhukf env='NET_HIDDEN=16 RHUKF_N=5 RHUKF_Q=1e-3 RHUKF_TAU=0.005 RHUKF_UI=1 RHUKF_R=1.5 RHUKF_PD=0.01 ATK_ON_LO=15 ATK_ON_HI=25 ATK_OFF_LO=25 ATK_OFF_HI=40 ATK_DELTA_LO=0.4 ATK_DELTA_HI=0.4' START
[08-31 08:52] on15_rhukf END rc=124 ep=160
[08:52] on15_adam SKIP
[08-31 08:52] on6_rhukf agent=rhukf env='NET_HIDDEN=16 RHUKF_N=5 RHUKF_Q=1e-3 RHUKF_TAU=0.005 RHUKF_UI=1 RHUKF_R=1.5 RHUKF_PD=0.01 ATK_ON_LO=6 ATK_ON_HI=12 ATK_OFF_LO=25 ATK_OFF_HI=40 ATK_DELTA_LO=0.4 ATK_DELTA_HI=0.4' START
[08-31 12:22] on6_rhukf END rc=124 ep=160
[08-31 12:22] on6_adam agent=adam env='ADAM_LR=1e-3 NET_HIDDEN=16 ATK_ON_LO=6 ATK_ON_HI=12 ATK_OFF_LO=25 ATK_OFF_HI=40 ATK_DELTA_LO=0.4 ATK_DELTA_HI=0.4' START
[16:01] gyroonly_adam SKIP
[16:01] full12_adam SKIP
[16:01] on40_rhukf SKIP
[16:01] on40_adam SKIP
[16:01] on15_rhukf SKIP
[16:01] on15_adam SKIP
[16:01] on6_rhukf SKIP
[08-31 16:01] on6_adam agent=adam env='ADAM_LR=1e-3 NET_HIDDEN=16 ATK_ON_LO=6 ATK_ON_HI=12 ATK_OFF_LO=25 ATK_OFF_HI=40 ATK_DELTA_LO=0.4 ATK_DELTA_HI=0.4' START
[08-31 19:31] on6_adam END rc=124 ep=160
════ night_ablation 완료 08-31 19:31 ════
