════════ 밤샘2 시작 08-21 06:14:34 ════════
[06:14:34] === 모드 const (AMP=0) 시작 ===
[08:14:40] === 모드 const 종료 rc=0 rows=4126 ===
  circle 병합 후 rows=12327
[08:14:45] === 모드 accel (AMP=0.45) 시작 ===
[10:14:51] === 모드 accel 종료 rc=0 rows=2329 ===
  circle 병합 후 rows=9604
[10:14:56] === 분석 ===
==============================================================================================
 가감속(속도변조) vs 등속 — 패턴별 gyro/vel 추정오차 (benign, bias=0)
==============================================================================================

【등속(SPEED_MOD=0)】
        패턴    바람 |   가속max |   gyro등속    gyro가감속    가감/등속   gyro가감p90 |   vel등속    vel가감속 |  corr(가속)
    circle     0 |    0.52 |    0.104      0.105     1.01       0.186 |   0.101     0.112 |     0.034
    circle     6 |    2.57 |    0.113      0.121     1.07       0.287 |   0.202     0.331 |     0.149
    circle     9 |   10.58 |    0.146      0.213     1.46       0.561 |   0.462     1.192 |     0.244
    circle    12 |   14.28 |    0.203      0.292     1.44       1.080 |   0.863     2.329 |     0.243
  waypoint     0 |    2.08 |    0.104      0.136     1.31       0.886 |   0.107     0.318 |     0.326
  waypoint     9 |    6.79 |    0.152      0.302     1.99       0.946 |   0.457     1.244 |     0.313
  waypoint    12 |   13.70 |    0.245      0.353     1.44       1.247 |   1.380     2.821 |     0.045
aggressive     0 |    2.30 |    0.087      0.091     1.05       0.211 |   0.093     0.169 |     0.261
aggressive     9 |    7.27 |    0.130      0.183     1.41       0.453 |   0.407     0.814 |     0.122
aggressive    12 |    6.21 |    0.170      0.277     1.63       0.734 |   0.844     1.689 |     0.118

【가감속(SPEED_MOD=0.4)】
        패턴    바람 |   가속max |   gyro등속    gyro가감속    가감/등속   gyro가감p90 |   vel등속    vel가감속 |  corr(가속)
    circle     0 |    1.46 |    0.092      0.121     1.32       0.214 |   0.158     0.258 |     0.244
    circle     6 |    3.09 |    0.103      0.122     1.19       0.301 |   0.201     0.410 |     0.150
    circle     9 |    6.22 |    0.144      0.190     1.32       0.510 |   0.428     1.017 |     0.249
    circle    12 |   11.95 |    0.200      0.294     1.47       0.733 |   0.864     3.358 |     0.165
  waypoint     0 |    2.08 |    0.100      0.139     1.39       0.473 |   0.133     0.289 |     0.086
  waypoint     9 |    8.72 |    0.145      0.232     1.60       0.677 |   0.412     1.041 |     0.113
  waypoint    12 |    8.72 |    0.223      0.290     1.30       1.064 |   1.022     1.739 |     0.115

판정: 가감속 모드서 gyro가감속 >> gyro등속(비율↑) + corr(가속)↑ 이면 = 가감속이 자연 gyro aliasing

[plot] results_sm_bar.png / _timeseries.png / _wind.png / _summary.txt
════════ 밤샘2 완료 08-21 10:14:57 ════════
