════════ 밤샘 시작 08-21 03:10:58 ════════
[03:10:58] === 모드 const (AMP=0 FREQ=0) 시작 ===
[04:41:04] === 모드 const 종료 rc=124 rows=8202 ===
[04:41:09] === 모드 accel (AMP=0.45 FREQ=0.6) 시작 ===
[06:11:15] === 모드 accel 종료 rc=124 rows=7276 ===
[06:11:20] === 분석 시작 ===
==============================================================================================
 가감속(속도변조) vs 등속 — 패턴별 gyro/vel 추정오차 (benign, bias=0)
==============================================================================================

【등속(SPEED_MOD=0)】
        패턴    바람 |   가속max |   gyro등속    gyro가감속    가감/등속   gyro가감p90 |   vel등속    vel가감속 |  corr(가속)
    circle     0 |    0.52 |    0.104      0.105     1.01       0.186 |   0.101     0.112 |     0.034
    circle     6 |    2.57 |    0.113      0.121     1.07       0.287 |   0.202     0.331 |     0.149
    circle     9 |   10.58 |    0.146      0.213     1.46       0.561 |   0.462     1.192 |     0.244
    circle    12 |   14.28 |    0.203      0.292     1.44       1.080 |   0.863     2.329 |     0.243

【가감속(SPEED_MOD=0.4)】
        패턴    바람 |   가속max |   gyro등속    gyro가감속    가감/등속   gyro가감p90 |   vel등속    vel가감속 |  corr(가속)
    circle     0 |    1.46 |    0.092      0.121     1.32       0.214 |   0.158     0.258 |     0.244
    circle     6 |    3.09 |    0.103      0.122     1.19       0.301 |   0.201     0.410 |     0.150
    circle     9 |    6.22 |    0.144      0.190     1.32       0.510 |   0.428     1.017 |     0.249
    circle    12 |   11.95 |    0.200      0.294     1.47       0.733 |   0.864     3.358 |     0.165

판정: 가감속 모드서 gyro가감속 >> gyro등속(비율↑) + corr(가속)↑ 이면 = 가감속이 자연 gyro aliasing

[plot] results_sm_bar.png / _timeseries.png / _wind.png / _summary.txt
════════ 밤샘 완료 08-21 06:11:21 ════════
