[worker 1] 36 jobs
  SKIP SW_P0.02_R1.5_a0_s42
  SKIP SW_P0.05_R1.5_a0_s42
  SKIP SW_P0.1_R1.5_a0_s42
  SKIP AdamMSE_1e3_a0_s42
  Agent: RHUKF-FV (absolute) | Params: 514 | Device: cuda (NVIDIA RTX 6000 Ada Generation) | act: silu | PER: off | n-step: 3
  [5/36] SW_P0.02_R1_a10_s42        F1=0.899 rec=0.867 fpr=0.140 pFP=0.079 wR=0.93 conv=49 rwd=149.0 (575s)
  Agent: RHUKF-FV (absolute) | Params: 514 | Device: cuda (NVIDIA RTX 6000 Ada Generation) | act: silu | PER: off | n-step: 3
  [6/36] SW_P0.05_R1_a10_s42        F1=0.894 rec=0.871 fpr=0.182 pFP=0.085 wR=0.92 conv=49 rwd=146.1 (573s)
  Agent: RHUKF-FV (absolute) | Params: 514 | Device: cuda (NVIDIA RTX 6000 Ada Generation) | act: silu | PER: off | n-step: 3
  [7/36] SW_P0.1_R1_a10_s42         F1=0.899 rec=0.885 fpr=0.200 pFP=0.140 wR=0.93 conv=49 rwd=143.8 (574s)
  Agent: ADAM DDQN + Huber (baseline) | Params: 514 | Device: cuda (NVIDIA RTX 6000 Ada Generation) | lr=0.0003 | AMSGrad: off | PER: off | n-step: 3
  [8/36] AdamHuber_3e4_a10_s42      F1=0.886 rec=0.857 fpr=0.176 pFP=0.074 wR=0.93 conv=49 rwd=136.3 (129s)
  Agent: SGD DDQN + MSE (baseline) | Params: 514 | Device: cuda (NVIDIA RTX 6000 Ada Generation) | lr=0.01 | AMSGrad: ON | PER: off | n-step: 3
  [9/36] SGD_1e2_a10_s42            F1=0.903 rec=0.902 fpr=0.236 pFP=0.197 wR=0.96 conv=49 rwd=156.4 (144s)
  Agent: RHUKF-FV (absolute) | Params: 514 | Device: cuda (NVIDIA RTX 6000 Ada Generation) | act: silu | PER: off | n-step: 3
  [10/36] SW_P0.02_R1.5_a20_s42      F1=0.906 rec=0.896 fpr=0.205 pFP=0.084 wR=0.90 conv=58 rwd=156.5 (575s)
  Agent: RHUKF-FV (absolute) | Params: 514 | Device: cuda (NVIDIA RTX 6000 Ada Generation) | act: silu | PER: off | n-step: 3
  [11/36] SW_P0.05_R1.5_a20_s42      F1=0.897 rec=0.881 fpr=0.203 pFP=0.123 wR=0.90 conv=60 rwd=147.8 (574s)
  Agent: RHUKF-FV (absolute) | Params: 514 | Device: cuda (NVIDIA RTX 6000 Ada Generation) | act: silu | PER: off | n-step: 3
  [12/36] SW_P0.1_R1.5_a20_s42       F1=0.910 rec=0.900 fpr=0.202 pFP=0.090 wR=0.89 conv=58 rwd=159.8 (580s)
  Agent: ADAM DDQN + MSE (baseline) | Params: 514 | Device: cuda (NVIDIA RTX 6000 Ada Generation) | lr=0.001 | AMSGrad: off | PER: off | n-step: 3
  [13/36] AdamMSE_1e3_a20_s42        F1=0.902 rec=0.911 fpr=0.266 pFP=0.240 wR=0.92 conv=68 rwd=165.6 (137s)
  Agent: RHUKF-FV (absolute) | Params: 514 | Device: cuda (NVIDIA RTX 6000 Ada Generation) | act: silu | PER: off | n-step: 3
  [14/36] SW_P0.02_R1_a35_s42        F1=0.898 rec=0.873 fpr=0.196 pFP=0.228 wR=0.96 conv=70 rwd=150.7 (606s)
  Agent: RHUKF-FV (absolute) | Params: 514 | Device: cuda (NVIDIA RTX 6000 Ada Generation) | act: silu | PER: off | n-step: 3
  [15/36] SW_P0.05_R1_a35_s42        F1=0.903 rec=0.886 fpr=0.218 pFP=0.263 wR=0.94 conv=70 rwd=148.1 (597s)
  Agent: RHUKF-FV (absolute) | Params: 514 | Device: cuda (NVIDIA RTX 6000 Ada Generation) | act: silu | PER: off | n-step: 3
  [16/36] SW_P0.1_R1_a35_s42         F1=0.902 rec=0.897 fpr=0.271 pFP=0.260 wR=0.95 conv=70 rwd=144.9 (597s)
  Agent: ADAM DDQN + Huber (baseline) | Params: 514 | Device: cuda (NVIDIA RTX 6000 Ada Generation) | lr=0.0003 | AMSGrad: off | PER: off | n-step: 3
  [17/36] AdamHuber_3e4_a35_s42      F1=0.893 rec=0.853 fpr=0.148 pFP=0.061 wR=0.90 conv=70 rwd=157.0 (135s)
  Agent: SGD DDQN + MSE (baseline) | Params: 514 | Device: cuda (NVIDIA RTX 6000 Ada Generation) | lr=0.01 | AMSGrad: ON | PER: off | n-step: 3
  [18/36] SGD_1e2_a35_s42            F1=0.891 rec=0.883 fpr=0.282 pFP=0.454 wR=0.97 conv=101 rwd=137.5 (157s)
  SKIP SW_P0.02_R1.5_a0_s43
  SKIP SW_P0.05_R1.5_a0_s43
  SKIP SW_P0.1_R1.5_a0_s43
  SKIP AdamMSE_1e3_a0_s43
  Agent: RHUKF-FV (absolute) | Params: 514 | Device: cuda (NVIDIA RTX 6000 Ada Generation) | act: silu | PER: off | n-step: 3
  [23/36] SW_P0.02_R1_a10_s43        F1=0.894 rec=0.860 fpr=0.141 pFP=0.111 wR=0.95 conv=70 rwd=78.0 (602s)
  Agent: RHUKF-FV (absolute) | Params: 514 | Device: cuda (NVIDIA RTX 6000 Ada Generation) | act: silu | PER: off | n-step: 3
  [24/36] SW_P0.05_R1_a10_s43        F1=0.890 rec=0.887 fpr=0.258 pFP=0.314 wR=0.96 conv=70 rwd=97.1 (597s)
  Agent: RHUKF-FV (absolute) | Params: 514 | Device: cuda (NVIDIA RTX 6000 Ada Generation) | act: silu | PER: off | n-step: 3
  [25/36] SW_P0.1_R1_a10_s43         F1=0.891 rec=0.870 fpr=0.211 pFP=0.143 wR=0.92 conv=71 rwd=95.6 (578s)
  Agent: ADAM DDQN + Huber (baseline) | Params: 514 | Device: cuda (NVIDIA RTX 6000 Ada Generation) | lr=0.0003 | AMSGrad: off | PER: off | n-step: 3
  [26/36] AdamHuber_3e4_a10_s43      F1=0.879 rec=0.871 fpr=0.252 pFP=0.152 wR=0.93 conv=70 rwd=85.8 (162s)
  Agent: SGD DDQN + MSE (baseline) | Params: 514 | Device: cuda (NVIDIA RTX 6000 Ada Generation) | lr=0.01 | AMSGrad: ON | PER: off | n-step: 3
  [27/36] SGD_1e2_a10_s43            F1=0.880 rec=0.862 fpr=0.242 pFP=0.300 wR=0.94 conv=72 rwd=61.8 (152s)
  Agent: RHUKF-FV (absolute) | Params: 514 | Device: cuda (NVIDIA RTX 6000 Ada Generation) | act: silu | PER: off | n-step: 3
  [28/36] SW_P0.02_R1.5_a20_s43      F1=0.900 rec=0.864 fpr=0.147 pFP=0.041 wR=0.89 conv=71 rwd=109.4 (596s)
  Agent: RHUKF-FV (absolute) | Params: 514 | Device: cuda (NVIDIA RTX 6000 Ada Generation) | act: silu | PER: off | n-step: 3
  [29/36] SW_P0.05_R1.5_a20_s43      F1=0.902 rec=0.870 fpr=0.150 pFP=0.034 wR=0.89 conv=70 rwd=117.8 (598s)
  Agent: RHUKF-FV (absolute) | Params: 514 | Device: cuda (NVIDIA RTX 6000 Ada Generation) | act: silu | PER: off | n-step: 3
  [30/36] SW_P0.1_R1.5_a20_s43       F1=0.902 rec=0.878 fpr=0.185 pFP=0.114 wR=0.91 conv=71 rwd=136.3 (553s)
  Agent: ADAM DDQN + MSE (baseline) | Params: 514 | Device: cuda (NVIDIA RTX 6000 Ada Generation) | lr=0.001 | AMSGrad: off | PER: off | n-step: 3
  [31/36] AdamMSE_1e3_a20_s43        F1=0.910 rec=0.906 fpr=0.235 pFP=0.178 wR=0.94 conv=75 rwd=129.4 (162s)
  Agent: RHUKF-FV (absolute) | Params: 514 | Device: cuda (NVIDIA RTX 6000 Ada Generation) | act: silu | PER: off | n-step: 3
  [32/36] SW_P0.02_R1_a35_s43        F1=0.927 rec=0.914 fpr=0.172 pFP=0.069 wR=0.92 conv=64 rwd=178.9 (606s)
  Agent: RHUKF-FV (absolute) | Params: 514 | Device: cuda (NVIDIA RTX 6000 Ada Generation) | act: silu | PER: off | n-step: 3
  [33/36] SW_P0.05_R1_a35_s43        F1=0.929 rec=0.922 fpr=0.177 pFP=0.079 wR=0.91 conv=66 rwd=182.3 (599s)
  Agent: RHUKF-FV (absolute) | Params: 514 | Device: cuda (NVIDIA RTX 6000 Ada Generation) | act: silu | PER: off | n-step: 3
  [34/36] SW_P0.1_R1_a35_s43         F1=0.927 rec=0.929 fpr=0.222 pFP=0.122 wR=0.92 conv=66 rwd=167.4 (575s)
  Agent: ADAM DDQN + Huber (baseline) | Params: 514 | Device: cuda (NVIDIA RTX 6000 Ada Generation) | lr=0.0003 | AMSGrad: off | PER: off | n-step: 3
  [35/36] AdamHuber_3e4_a35_s43      F1=0.932 rec=0.948 fpr=0.247 pFP=0.125 wR=0.94 conv=69 rwd=180.4 (75s)
  Agent: SGD DDQN + MSE (baseline) | Params: 514 | Device: cuda (NVIDIA RTX 6000 Ada Generation) | lr=0.01 | AMSGrad: ON | PER: off | n-step: 3
  [36/36] SGD_1e2_a35_s43            F1=0.910 rec=0.940 fpr=0.377 pFP=0.428 wR=0.96 conv=69 rwd=164.5 (71s)
[worker 1] done
