[worker 0] 32 configs · CAL σ=(1.04, 0.86) atk_p=0.54
  Agent: RHUKF-FV (error) | Params: 514 | Device: cuda (NVIDIA RTX 6000 Ada Generation) | act: silu | PER: off | n-step: 3
  [1/32] t02u4_R1_Q2_P0.2_err       F1=0.918 wR=0.53 pFP=0.009 sR=0.94 conv=59 fpr=0.201 rwd=166.0 (242s)
  Agent: RHUKF-FV (error) | Params: 514 | Device: cuda (NVIDIA RTX 6000 Ada Generation) | act: silu | PER: off | n-step: 3
  [2/32] t02u4_R1_Q2_P0.1_err       F1=0.920 wR=0.63 pFP=0.020 sR=0.94 conv=59 fpr=0.188 rwd=166.7 (273s)
  Agent: RHUKF-FV (error) | Params: 514 | Device: cuda (NVIDIA RTX 6000 Ada Generation) | act: silu | PER: off | n-step: 3
  [3/32] t02u4_R1_Q2_P0.05_err      F1=0.923 wR=0.62 pFP=0.022 sR=0.95 conv=59 fpr=0.202 rwd=180.0 (261s)
  Agent: RHUKF-FV (error) | Params: 514 | Device: cuda (NVIDIA RTX 6000 Ada Generation) | act: silu | PER: off | n-step: 3
  [4/32] t02u4_R1_Q2_P0.01_err      F1=0.920 wR=0.56 pFP=0.013 sR=0.94 conv=59 fpr=0.204 rwd=162.6 (281s)
  Agent: RHUKF-FV (error) | Params: 514 | Device: cuda (NVIDIA RTX 6000 Ada Generation) | act: silu | PER: off | n-step: 3
  [5/32] t02u4_R1_Q3_P0.2_err       F1=0.918 wR=0.53 pFP=0.008 sR=0.94 conv=59 fpr=0.202 rwd=183.7 (261s)
  Agent: RHUKF-FV (error) | Params: 514 | Device: cuda (NVIDIA RTX 6000 Ada Generation) | act: silu | PER: off | n-step: 3
  [6/32] t02u4_R1_Q3_P0.1_err       F1=0.918 wR=0.62 pFP=0.034 sR=0.94 conv=59 fpr=0.185 rwd=178.6 (279s)
  Agent: RHUKF-FV (error) | Params: 514 | Device: cuda (NVIDIA RTX 6000 Ada Generation) | act: silu | PER: off | n-step: 3
  [7/32] t02u4_R1_Q3_P0.05_err      F1=0.924 wR=0.64 pFP=0.016 sR=0.94 conv=59 fpr=0.210 rwd=188.4 (263s)
  Agent: RHUKF-FV (error) | Params: 514 | Device: cuda (NVIDIA RTX 6000 Ada Generation) | act: silu | PER: off | n-step: 3
  [8/32] t02u4_R1_Q3_P0.01_err      F1=0.922 wR=0.58 pFP=0.013 sR=0.94 conv=59 fpr=0.198 rwd=183.9 (276s)
  Agent: RHUKF-FV (error) | Params: 514 | Device: cuda (NVIDIA RTX 6000 Ada Generation) | act: silu | PER: off | n-step: 3
  [9/32] t02u4_R2_Q2_P0.2_err       F1=0.923 wR=0.52 pFP=0.017 sR=0.94 conv=59 fpr=0.205 rwd=190.0 (267s)
  Agent: RHUKF-FV (error) | Params: 514 | Device: cuda (NVIDIA RTX 6000 Ada Generation) | act: silu | PER: off | n-step: 3
  [10/32] t02u4_R2_Q2_P0.1_err       F1=0.917 wR=0.64 pFP=0.013 sR=0.94 conv=46 fpr=0.188 rwd=159.3 (272s)
  Agent: RHUKF-FV (error) | Params: 514 | Device: cuda (NVIDIA RTX 6000 Ada Generation) | act: silu | PER: off | n-step: 3
  [11/32] t02u4_R2_Q2_P0.05_err      F1=0.920 wR=0.61 pFP=0.013 sR=0.94 conv=59 fpr=0.201 rwd=184.7 (270s)
  Agent: RHUKF-FV (error) | Params: 514 | Device: cuda (NVIDIA RTX 6000 Ada Generation) | act: silu | PER: off | n-step: 3
  [12/32] t02u4_R2_Q2_P0.01_err      F1=0.918 wR=0.63 pFP=0.015 sR=0.94 conv=57 fpr=0.212 rwd=173.6 (267s)
  Agent: RHUKF-FV (error) | Params: 514 | Device: cuda (NVIDIA RTX 6000 Ada Generation) | act: silu | PER: off | n-step: 3
  [13/32] t02u4_R2_Q3_P0.2_err       F1=0.914 wR=0.67 pFP=0.018 sR=0.94 conv=59 fpr=0.200 rwd=164.4 (274s)
  Agent: RHUKF-FV (error) | Params: 514 | Device: cuda (NVIDIA RTX 6000 Ada Generation) | act: silu | PER: off | n-step: 3
  [14/32] t02u4_R2_Q3_P0.1_err       F1=0.916 wR=0.64 pFP=0.030 sR=0.94 conv=54 fpr=0.204 rwd=165.8 (264s)
  Agent: RHUKF-FV (error) | Params: 514 | Device: cuda (NVIDIA RTX 6000 Ada Generation) | act: silu | PER: off | n-step: 3
  [15/32] t02u4_R2_Q3_P0.05_err      F1=0.919 wR=0.48 pFP=0.006 sR=0.94 conv=59 fpr=0.199 rwd=175.7 (279s)
  Agent: RHUKF-FV (error) | Params: 514 | Device: cuda (NVIDIA RTX 6000 Ada Generation) | act: silu | PER: off | n-step: 3
  [16/32] t02u4_R2_Q3_P0.01_err      F1=0.924 wR=0.59 pFP=0.013 sR=0.94 conv=59 fpr=0.188 rwd=184.5 (268s)
  Agent: RHUKF-FV (error) | Params: 514 | Device: cuda (NVIDIA RTX 6000 Ada Generation) | act: silu | PER: off | n-step: 3
  [17/32] t005u1_R1_Q2_P0.2_err      F1=0.919 wR=0.47 pFP=0.006 sR=0.94 conv=59 fpr=0.208 rwd=181.3 (844s)
  Agent: RHUKF-FV (error) | Params: 514 | Device: cuda (NVIDIA RTX 6000 Ada Generation) | act: silu | PER: off | n-step: 3
  [18/32] t005u1_R1_Q2_P0.1_err      F1=0.921 wR=0.65 pFP=0.023 sR=0.95 conv=59 fpr=0.213 rwd=183.2 (825s)
  Agent: RHUKF-FV (error) | Params: 514 | Device: cuda (NVIDIA RTX 6000 Ada Generation) | act: silu | PER: off | n-step: 3
  [19/32] t005u1_R1_Q2_P0.05_err     F1=0.926 wR=0.74 pFP=0.053 sR=0.95 conv=59 fpr=0.182 rwd=189.3 (832s)
  Agent: RHUKF-FV (error) | Params: 514 | Device: cuda (NVIDIA RTX 6000 Ada Generation) | act: silu | PER: off | n-step: 3
  [20/32] t005u1_R1_Q2_P0.01_err     F1=0.920 wR=0.70 pFP=0.022 sR=0.94 conv=59 fpr=0.211 rwd=180.4 (846s)
  Agent: RHUKF-FV (error) | Params: 514 | Device: cuda (NVIDIA RTX 6000 Ada Generation) | act: silu | PER: off | n-step: 3
  [21/32] t005u1_R1_Q3_P0.2_err      F1=0.923 wR=0.69 pFP=0.023 sR=0.95 conv=59 fpr=0.201 rwd=176.9 (829s)
  Agent: RHUKF-FV (error) | Params: 514 | Device: cuda (NVIDIA RTX 6000 Ada Generation) | act: silu | PER: off | n-step: 3
  [22/32] t005u1_R1_Q3_P0.1_err      F1=0.920 wR=0.56 pFP=0.011 sR=0.94 conv=59 fpr=0.215 rwd=173.7 (833s)
  Agent: RHUKF-FV (error) | Params: 514 | Device: cuda (NVIDIA RTX 6000 Ada Generation) | act: silu | PER: off | n-step: 3
  [23/32] t005u1_R1_Q3_P0.05_err     F1=0.924 wR=0.71 pFP=0.029 sR=0.94 conv=46 fpr=0.191 rwd=191.3 (846s)
  Agent: RHUKF-FV (error) | Params: 514 | Device: cuda (NVIDIA RTX 6000 Ada Generation) | act: silu | PER: off | n-step: 3
  [24/32] t005u1_R1_Q3_P0.01_err     F1=0.925 wR=0.71 pFP=0.028 sR=0.95 conv=46 fpr=0.198 rwd=188.3 (827s)
  Agent: RHUKF-FV (error) | Params: 514 | Device: cuda (NVIDIA RTX 6000 Ada Generation) | act: silu | PER: off | n-step: 3
  [25/32] t005u1_R2_Q2_P0.2_err      F1=0.920 wR=0.50 pFP=0.010 sR=0.94 conv=59 fpr=0.221 rwd=188.3 (834s)
  Agent: RHUKF-FV (error) | Params: 514 | Device: cuda (NVIDIA RTX 6000 Ada Generation) | act: silu | PER: off | n-step: 3
  [26/32] t005u1_R2_Q2_P0.1_err      F1=0.924 wR=0.66 pFP=0.023 sR=0.95 conv=57 fpr=0.182 rwd=186.6 (844s)
  Agent: RHUKF-FV (error) | Params: 514 | Device: cuda (NVIDIA RTX 6000 Ada Generation) | act: silu | PER: off | n-step: 3
  [27/32] t005u1_R2_Q2_P0.05_err     F1=0.925 wR=0.61 pFP=0.022 sR=0.94 conv=59 fpr=0.214 rwd=184.5 (830s)
  Agent: RHUKF-FV (error) | Params: 514 | Device: cuda (NVIDIA RTX 6000 Ada Generation) | act: silu | PER: off | n-step: 3
  [28/32] t005u1_R2_Q2_P0.01_err     F1=0.927 wR=0.73 pFP=0.029 sR=0.95 conv=59 fpr=0.191 rwd=189.7 (833s)
  Agent: RHUKF-FV (error) | Params: 514 | Device: cuda (NVIDIA RTX 6000 Ada Generation) | act: silu | PER: off | n-step: 3
  [29/32] t005u1_R2_Q3_P0.2_err      F1=0.923 wR=0.60 pFP=0.013 sR=0.94 conv=59 fpr=0.197 rwd=189.1 (844s)
  Agent: RHUKF-FV (error) | Params: 514 | Device: cuda (NVIDIA RTX 6000 Ada Generation) | act: silu | PER: off | n-step: 3
  [30/32] t005u1_R2_Q3_P0.1_err      F1=0.921 wR=0.65 pFP=0.016 sR=0.94 conv=57 fpr=0.215 rwd=178.7 (829s)
  Agent: RHUKF-FV (error) | Params: 514 | Device: cuda (NVIDIA RTX 6000 Ada Generation) | act: silu | PER: off | n-step: 3
  [31/32] t005u1_R2_Q3_P0.05_err     F1=0.921 wR=0.68 pFP=0.026 sR=0.95 conv=59 fpr=0.189 rwd=169.5 (832s)
  Agent: RHUKF-FV (error) | Params: 514 | Device: cuda (NVIDIA RTX 6000 Ada Generation) | act: silu | PER: off | n-step: 3
  [32/32] t005u1_R2_Q3_P0.01_err     F1=0.924 wR=0.69 pFP=0.021 sR=0.95 conv=59 fpr=0.198 rwd=190.0 (576s)
[worker 0] done
