[09-02 01:12:01] 대기: ROTWIND_DIST_DONE + 프로세스 소멸...
[09-02 01:23:32] rotwind 완료 확인.
[09-02 01:33:45] gate: ARM=0.15
    arm 0.05: d(wind-benign)=0.68  wind_med=0.69 benign_med=0.50 (nw=8919)
    arm 0.10: d(wind-benign)=1.18  wind_med=0.90 benign_med=0.49 (nw=6862)
    arm 0.15: d(wind-benign)=1.25  wind_med=0.95 benign_med=0.49 (nw=5291)
    ==> best arm=0.15 d=1.25 (thresh 0.4)
[09-02 01:33:45] Step B START (arm=0.15, δ0.6/0.7/0.8, 4패턴, none+ws9, track+hover, speed3)
[09-02 03:56:17] 대기: ROTWIND_DIST_DONE + 프로세스 소멸...
[09-02 03:56:17] rotwind 완료 확인.
[09-02 04:06:58] gate: ARM=0.15
    arm 0.05: d(wind-benign)=0.68  wind_med=0.69 benign_med=0.50 (nw=8919)
    arm 0.10: d(wind-benign)=1.18  wind_med=0.90 benign_med=0.49 (nw=6862)
    arm 0.15: d(wind-benign)=1.25  wind_med=0.95 benign_med=0.49 (nw=5291)
    ==> best arm=0.15 d=1.25 (thresh 0.4)
[09-02 04:06:58] Step B START (arm=0.15, δ0.6/0.7/0.8, 4패턴, none+ws9, track+hover, speed3)
[09-02 05:17:31] Step B END rc=0 rows=34617
[09-02 05:17:36] obs-scale 200ep START
[09-02 05:38:44] obs-scale 200ep END:   rhukf [0,3] seed42: F1=0.931 P=0.906 R=0.958 rwd=234.6 (526s)   rhukf [0,1] seed42: F1=0.926 P=0.893 R=0.961 rwd=246.3 (525s)   adam  [0,3] seed42: F1=0.932 P=0.903 R=0.963 rwd=240.2 (94s)   adam  [0,1] seed42: F1=0.914 P=0.896 R=0.935 rwd=234.7 (92s) 
[09-02 05:38:44] 전체 파이프라인 완료.
