════ batch3 (의도 옵티마이저 격자 1파) 시작 08-27 12:08:43 ════
[12:08:43] adam_n16 agent=adam env='ADAM_LR=1e-3 NET_HIDDEN=16' START (GPU util=0%)
[12:13:31] batch3b: adam_n16 종료 대기
[12:17:10] batch3b 격자 시작 (1-8 RHUKF → 9 Adam)
[12:17:10] A_r10_pd001 agent=rhukf env='NET_HIDDEN=16 RHUKF_N=5 RHUKF_Q=1e-3 RHUKF_TAU=0.02 RHUKF_UI=4 RHUKF_R=1.0 RHUKF_PD=0.01' START (GPU util=2%)
[12:19:18] batch3b 격자 시작 (1-8 RHUKF → 9 Adam)
[12:19:18] A_r10_pd001 agent=rhukf env='NET_HIDDEN=16 RHUKF_N=5 RHUKF_Q=1e-3 RHUKF_TAU=0.02 RHUKF_UI=4 RHUKF_R=1.0 RHUKF_PD=0.01' START (GPU util=0%)
[02:52:36] batch3b 격자 시작 (1-8 RHUKF → 9 Adam)
[02:52:36] A_r10_pd001 agent=rhukf env='NET_HIDDEN=16 RHUKF_N=5 RHUKF_Q=1e-3 RHUKF_TAU=0.02 RHUKF_UI=4 RHUKF_R=1.0 RHUKF_PD=0.01' START (GPU util=63%)
[03:11:58] batch3b 격자 시작 (1-8 RHUKF → 9 Adam)
[03:11:58] A_r10_pd001 agent=rhukf env='NET_HIDDEN=16 RHUKF_N=5 RHUKF_Q=1e-3 RHUKF_TAU=0.02 RHUKF_UI=4 RHUKF_R=1.0 RHUKF_PD=0.01' START (GPU util=48%)
[06:42:04] A_r10_pd001 END rc=124 ep=160
[06:42:04] A_r10_pd005 agent=rhukf env='NET_HIDDEN=16 RHUKF_N=5 RHUKF_Q=1e-3 RHUKF_TAU=0.02 RHUKF_UI=4 RHUKF_R=1.0 RHUKF_PD=0.05' START (GPU util=46%)
[10:12:10] A_r10_pd005 END rc=124 ep=167
[10:12:10] A_r15_pd001 agent=rhukf env='NET_HIDDEN=16 RHUKF_N=5 RHUKF_Q=1e-3 RHUKF_TAU=0.02 RHUKF_UI=4 RHUKF_R=1.5 RHUKF_PD=0.01' START (GPU util=43%)
[13:42:17] A_r15_pd001 END rc=124 ep=160
[13:42:17] A_r15_pd005 agent=rhukf env='NET_HIDDEN=16 RHUKF_N=5 RHUKF_Q=1e-3 RHUKF_TAU=0.02 RHUKF_UI=4 RHUKF_R=1.5 RHUKF_PD=0.05' START (GPU util=56%)
[17:12:23] A_r15_pd005 END rc=124 ep=160
[17:12:23] B_r10_pd001 agent=rhukf env='NET_HIDDEN=16 RHUKF_N=5 RHUKF_Q=1e-3 RHUKF_TAU=0.005 RHUKF_UI=1 RHUKF_R=1.0 RHUKF_PD=0.01' START (GPU util=42%)
[20:42:29] B_r10_pd001 END rc=124 ep=160
[20:42:29] B_r10_pd005 agent=rhukf env='NET_HIDDEN=16 RHUKF_N=5 RHUKF_Q=1e-3 RHUKF_TAU=0.005 RHUKF_UI=1 RHUKF_R=1.0 RHUKF_PD=0.05' START (GPU util=39%)
[00:12:35] B_r10_pd005 END rc=124 ep=160
[00:12:35] B_r15_pd001 agent=rhukf env='NET_HIDDEN=16 RHUKF_N=5 RHUKF_Q=1e-3 RHUKF_TAU=0.005 RHUKF_UI=1 RHUKF_R=1.5 RHUKF_PD=0.01' START (GPU util=99%)
[03:42:41] B_r15_pd001 END rc=124 ep=160
[03:42:41] B_r15_pd005 agent=rhukf env='NET_HIDDEN=16 RHUKF_N=5 RHUKF_Q=1e-3 RHUKF_TAU=0.005 RHUKF_UI=1 RHUKF_R=1.5 RHUKF_PD=0.05' START (GPU util=99%)
[07:12:47] B_r15_pd005 END rc=124 ep=160
[07:12:47] adam_n16 agent=adam env='ADAM_LR=1e-3 NET_HIDDEN=16' START (GPU util=99%)
[10:42:54] adam_n16 END rc=124 ep=160
════ batch3b 격자 8런 완료 10:42:59 ════
