[03:13:17] [1] roll 공격 크래시 스윕 시작 (5패턴 × 4세기 × {track,hover} × 4ep)
  [CAPTURE:deadline] 100 cells (5pat × 4bias × 5delay[0,3,5,7,track]) × 4ep | attack_start=30 | disturbance=none
[05:12:01] [1] 크래시 스윕 완료 (경과 7120s, 116401 행)
[05:12:01] [2] 임계 선정 — pick_qr_threshold.py

[생존율] track 정책 (무방어) — bias × 패턴
     bias  aggressiv     circle    figure8      hover   waypoint      최소
    0.872       1.00       1.00       1.00       1.00       1.00    1.00
    1.308       1.00       1.00       1.00       1.00       1.00    1.00
    1.744       1.00       1.00       1.00       1.00       1.00    1.00
    2.180       1.00       1.00       1.00       1.00       1.00    1.00

[NIS] bias=2.180 (δ≈0.50) 에서 gyro NIS — 공격 vs 평시
  패턴              평시 p50    공격 p50    공격 p95      비
  aggressive        0.69      0.67      0.81    1.0
  circle            0.97      0.91      0.98    0.9
  figure8           0.89      0.87      1.04    1.0
  hover             0.68      0.70      0.75    1.0
  waypoint          0.89      0.91      1.45    1.0

★ 선정: bias=2.180  (정규화 δ≈0.50, 제어권한의 50%)
  근거: worst-pattern 생존율 1.00 ≥ 0.7
[05:12:02] [2] 선정된 sub-crash 세기: bias=2.180
[05:12:02] [3] Q·R 데이터 캡처 — bias=2.180, track, --log-zu (4ep × 5패턴)
[05:42:26] [3] Q·R 데이터 캡처 완료 (zu_log 13M)
[05:42:26] [4] Q·R 오프라인 격자 튜닝 — qr_tune_offline.py
zu_log: 72693 스텝 · 1 에피소드 · 공격 51857 / 평시 20836 스텝  fresh 37926

 R_gy    Q_gy |   평시p50   평시p95 |    d′온셋  d′peak    d′평균 |    지속비   채택
--------------------------------------------------------------------------
 0.20   5e-03 |    0.08    0.13 |    0.09    0.00    0.09 |   1.10    ✓
 0.20   1e-03 |    0.37    0.57 |    0.07    0.00    0.11 |   1.11    ✓
 0.20   5e-04 |    0.74    1.09 |    0.00    0.00    0.12 |   1.09    ✓
 0.20   1e-04 |    3.63    4.72 |    0.52    0.00    0.01 |   1.05    ✗
 0.50   5e-03 |    0.08    0.12 |    0.10    0.00    0.10 |   1.12    ✓
 0.50   1e-03 |    0.36    0.53 |    0.01    0.00    0.14 |   1.09    ✓
 0.50   5e-04 |    0.74    1.02 |    0.08    0.00    0.10 |   1.07    ✓
 0.50   1e-04 |    2.36    2.98 |    1.94    0.00    0.08 |   0.95    ✗
 1.00   5e-03 |    0.07    0.12 |    0.11    0.00    0.12 |   1.11    ✓
 1.00   1e-03 |    0.36    0.50 |    0.04    0.00    0.11 |   1.08    ✓
 1.00   5e-04 |    0.71    0.93 |    0.21    0.00    0.04 |   1.07    ✓
 1.00   1e-04 |    1.60    2.04 |    0.54    0.00    0.14 |   0.96    ✗
 2.00   5e-03 |    0.07    0.11 |    0.11    0.00    0.14 |   1.10    ✓
 2.00   1e-03 |    0.34    0.46 |    0.03    0.00    0.07 |   1.08    ✓
 2.00   5e-04 |    0.58    0.73 |    0.93    0.00    0.04 |   0.99    ✓
 2.00   1e-04 |    1.38    1.79 |    3.44    0.00    0.01 |   1.10    ✓

★ 최적(바닥 p95≤2.0 제약): R_gyro=2.0 Q_gyro=1e-04
   d′온셋 3.44 · d′peak 0.00 · 평시 p50 1.38 · 지속 1.097938179282462
   현행(R0.5 Q5e-4): d′온셋 0.08 · d′peak 0.00 · 평시 p50 0.74

※ d′는 raw NIS 기준. step 공격은 펄스라 d′평균<d′온셋 이 정상(PX4 보상 침묵).
  지속비≈1 = 공격 중 흡수 안 됨(좋음). ≪1 = 필터가 공격을 흡수(고집 부족).

저장: results_qr_data_0813/qr_tune_result.json

════════════════════════════════════════════════════════════════════════
 완료 2026-08-13 06:42
════════════════════════════════════════════════════════════════════════
산출물:
  results_roll_crash_0813/          크래시 스윕 (생존율·NIS)
  results_roll_crash_0813/roll_crash_analysis.txt   패턴×세기 표
  results_qr_data_0813/zu_log.npz                Q·R 튜닝 입력 (z,u)
  results_qr_data_0813/qr_tune_result.json       격자 결과 (d′·persistence 전체)

다음: 위 ★최적 R_gyro·Q_gyro 를 env/ukf_filter.py 에 반영할지 아침에 판단.
  ⚠ 반영 전 백업. 복귀(공격 종료 후 innovation 감소)는 이번에 안 쟀다 —
     이 스윕은 공격이 끝까지 지속(attack_end 99999). 복귀 시상수는 별도 burst 캡처 필요.
[06:42:18] 전체 완료.
