==========================================================
 [00:48:38] 정합 검증 캡처
   ROTOR_LOG=/home/acsl/projects/Issacsim-rhukf/results_pattern_0813/rotor_log.npz   MOTOR_TAU=기본(0.014)
   patterns=hover,waypoint,circle,figure8,aggressive  bias=0  ep=1  → results_pattern_0813
==========================================================
 [pid 2856456] 시작. 배너 대기...
  [CAPTURE:deadline] 25 cells (5pat × 1bias × 5delay[0,3,5,7,track]) × 1ep | attack_start=30 | disturbance=none
 [00:56:42] 캡처 완료 (경과 480s)
-rw-rw-r-- 1 acsl acsl 42120982 Aug 13 00:56 results_pattern_0813/rotor_log.npz

════════ 판정 ════════

==========================================================================
 ① COM_ALIGN — 호버 트림 τ_norm (부호가 핵심)
==========================================================================
                   roll      pitch        yaw
  sim          -0.00503   -0.04117   -0.00035   (n=239878)
  실기           -0.00731   -0.05539   +0.00417
  부호                 일치         일치        ✗반대
  상대오차              31%        26%       108%

  → ✅ 통과 (피치 부호 일치 + 35% 이내)

==========================================================================
 ② ROTOR_CM — C_torque_z (요 권한)
==========================================================================
  회귀 ω̇z ~ τ_z :  기울기     61.9 rad/s²/unit   R² 0.670   (n=28265)
  C_torque_z = 기울기 × Izz(0.036896) = 2.283   목표 1.378

  → ⚠ 재조정 (오차 66%)   ROTOR_CM 배율 제안 ×0.604

==========================================================================
 ③ 평시 NIS 바닥 — 실기와 같은 수준인가
==========================================================================
  패턴                   n      vel p50/p95     gyro p50/p95
  hover             1455    0.15/0.29        0.89/0.99    
  waypoint          1455    0.14/0.34        0.88/1.07    
  circle            1455    0.13/0.30        0.81/0.98    
  figure8           1455    0.14/0.29        0.81/1.00    
  aggressive        1455    0.14/0.31        0.77/0.89    

  sim  전체 p50 : vel 0.14   gyro 0.83
  실기 평시 p50 : vel 0.18~0.41   gyro 0.60~1.17

  → ✅ 같은 자릿수 (3배 이내)
     gyro OK · vel OK

==========================================================================
 종합
==========================================================================
  ⚠ 미통과 항목 있음 — 위 지시대로 재조정 후 재비행
There was an error running python
