zu_log: 481041 스텝 · 840 에피소드 · gyro 고정 R=0.2 Q=5e-03

R_vel   Q_vel |   평시p50   평시p95 |    d′온셋  d′peak    d′평균 |    지속비   채택
--------------------------------------------------------------------------
 0.10   5e-03 |    0.07    0.28 |    0.74    2.38    1.84 |   1.68    ✓
 0.10   1e-03 |    0.09    0.35 |    0.60    2.03    1.85 |   2.81    ✓
 0.10   5e-04 |    0.09    0.37 |    0.52    1.94    1.92 |   3.30    ✓
 0.10   1e-04 |    0.10    0.43 |    0.31    1.63    1.88 |   3.91    ✓
 0.30   5e-03 |    0.03    0.13 |    0.59    1.84    1.71 |   2.69    ✓
 0.30   1e-03 |    0.03    0.17 |    0.42    1.69    1.78 |   3.87    ✓
 0.30   5e-04 |    0.04    0.18 |    0.33    1.59    1.70 |   4.14    ✓
 0.30   1e-04 |    0.05    0.21 |    0.18    1.41    1.48 |   3.95    ✓
 0.50   5e-03 |    0.02    0.10 |    0.51    1.65    1.70 |   3.82    ✓
 0.50   1e-03 |    0.02    0.13 |    0.34    1.62    1.82 |   5.40    ✓
 0.50   5e-04 |    0.03    0.14 |    0.26    1.58    1.74 |   5.54    ✓
 0.50   1e-04 |    0.03    0.16 |    0.15    1.43    1.47 |   4.82    ✓
 1.00   5e-03 |    0.01    0.08 |    0.46    1.38    1.60 |   5.76    ✓
 1.00   1e-03 |    0.02    0.10 |    0.28    1.47    1.73 |   6.78    ✓
 1.00   5e-04 |    0.02    0.10 |    0.21    1.54    1.73 |   6.59    ✓
 1.00   1e-04 |    0.02    0.12 |    0.14    1.47    1.51 |   5.52    ✓

★ vel 최적(바닥 p95≤2.0): R_vel=0.1 Q_vel=5e-03 | d′온셋 0.74 peak 2.38 평시p50 0.07
   현행(R_vel0.3 Q5e-3): d′온셋 0.59 peak 1.84 평시p50 0.03

※ vel d′가 gyro d′(온셋2.03/peak3.41)보다 낮으면 vel은 보조채널. 둘 다 높으면 2채널 탐지 가능.
