==========================================================
 [08-19 13:26:17] ADAM FDI v2 학습 START → results_adam_fdi_v2 (300ep, seed0, 재설계config)
==========================================================
==========================================================
 [08-19 15:39:20] ADAM FDI 학습 DONE (rc=0)
==========================================================
[INFO] [1787121552.205701654] [online_rl_controller]:   [240] EVAL 🔴ATK(τ1.40 T2.1) HOVER | ε=0.000 | NIS v=0.070 g=0.633 (raw v=0.25 g=175.19) | R=+0.5 (Σ=111.0) | GT=8.88m alt=6.1m | buf=20000 loss=0.0000 Zvar=2.762 dt=10ms | Kg=0.000 Pmax=0.00 Qmax=0.0 innov=0.000 flip=0.000 NIS=0.00
[INFO] [1787121552.406167713] [online_rl_controller]:   [245] EVAL 🔴ATK(τ1.40 T2.1) HOVER | ε=0.000 | NIS v=0.156 g=0.633 (raw v=0.74 g=174.73) | R=+0.5 (Σ=113.5) | GT=8.89m alt=6.1m | buf=20000 loss=0.0000 Zvar=2.762 dt=10ms | Kg=0.000 Pmax=0.00 Qmax=0.0 innov=0.000 flip=0.000 NIS=0.00
[INFO] [1787121552.606734406] [online_rl_controller]:   [250] EVAL 🔴ATK(τ1.40 T2.1) HOVER | ε=0.000 | NIS v=0.114 g=0.633 (raw v=0.47 g=174.27) | R=+0.5 (Σ=116.0) | GT=8.89m alt=6.1m | buf=20000 loss=0.0000 Zvar=2.762 dt=10ms | Kg=0.000 Pmax=0.00 Qmax=0.0 innov=0.000 flip=0.000 NIS=0.00
[INFO] [1787121552.806455510] [online_rl_controller]:   [255] EVAL 🔴ATK(τ1.40 T2.1) HOVER | ε=0.000 | NIS v=0.091 g=0.633 (raw v=0.35 g=176.12) | R=+0.5 (Σ=118.5) | GT=8.89m alt=6.1m | buf=20000 loss=0.0000 Zvar=2.762 dt=10ms | Kg=0.000 Pmax=0.00 Qmax=0.0 innov=0.000 flip=0.000 NIS=0.00
[INFO] [1787121552.987657321] [online_rl_controller]:   [260] EVAL 🔴ATK(τ1.40 T2.1) HOVER | ε=0.000 | NIS v=0.148 g=0.633 (raw v=0.69 g=175.40) | R=+0.5 (Σ=121.0) | GT=8.89m alt=6.1m | buf=20000 loss=0.0000 Zvar=2.762 dt=10ms | Kg=0.000 Pmax=0.00 Qmax=0.0 innov=0.000 flip=0.000 NIS=0.00
[INFO] [1787121553.185835652] [online_rl_controller]:   [265] EVAL 🔴ATK(τ1.40 T2.1) HOVER | ε=0.000 | NIS v=0.100 g=0.632 (raw v=0.40 g=173.28) | R=+0.5 (Σ=123.5) | GT=8.89m alt=6.1m | buf=20000 loss=0.0000 Zvar=2.762 dt=10ms | Kg=0.000 Pmax=0.00 Qmax=0.0 innov=0.000 flip=0.000 NIS=0.00
[INFO] [1787121553.366442988] [online_rl_controller]:   [270] EVAL 🔴ATK(τ1.40 T2.1) HOVER | ε=0.000 | NIS v=0.004 g=0.633 (raw v=0.01 g=175.96) | R=+0.5 (Σ=126.0) | GT=8.89m alt=6.1m | buf=20000 loss=0.0000 Zvar=2.762 dt=10ms | Kg=0.000 Pmax=0.00 Qmax=0.0 innov=0.000 flip=0.000 NIS=0.00
[INFO] [1787121553.567223358] [online_rl_controller]:   [275] EVAL 🔴ATK(τ1.40 T2.1) HOVER | ε=0.000 | NIS v=0.147 g=0.633 (raw v=0.68 g=176.13) | R=+0.5 (Σ=128.5) | GT=8.90m alt=6.1m | buf=20000 loss=0.0000 Zvar=2.762 dt=10ms | Kg=0.000 Pmax=0.00 Qmax=0.0 innov=0.000 flip=0.000 NIS=0.00
[INFO] [1787121553.767772092] [online_rl_controller]:   [280] EVAL 🔴ATK(τ1.40 T2.1) HOVER | ε=0.000 | NIS v=0.066 g=0.634 (raw v=0.23 g=177.78) | R=+0.5 (Σ=131.0) | GT=8.90m alt=6.1m | buf=20000 loss=0.0000 Zvar=2.762 dt=10ms | Kg=0.000 Pmax=0.00 Qmax=0.0 innov=0.000 flip=0.000 NIS=0.00
[INFO] [1787121553.966915167] [online_rl_controller]:   [285] EVAL 🔴ATK(τ1.40 T2.1) HOVER | ε=0.000 | NIS v=0.074 g=0.633 (raw v=0.27 g=175.43) | R=+0.5 (Σ=133.5) | GT=8.90m alt=6.1m | buf=20000 loss=0.0000 Zvar=2.762 dt=10ms | Kg=0.000 Pmax=0.00 Qmax=0.0 innov=0.000 flip=0.000 NIS=0.00
[INFO] [1787121554.148223097] [online_rl_controller]:   [290] EVAL 🔴ATK(τ1.40 T2.1) HOVER | ε=0.000 | NIS v=0.103 g=0.633 (raw v=0.41 g=176.38) | R=+0.5 (Σ=136.0) | GT=8.90m alt=6.1m | buf=20000 loss=0.0000 Zvar=2.762 dt=10ms | Kg=0.000 Pmax=0.00 Qmax=0.0 innov=0.000 flip=0.000 NIS=0.00
[INFO] [1787121554.346811607] [online_rl_controller]:   [295] EVAL 🔴ATK(τ1.40 T2.1) HOVER | ε=0.000 | NIS v=0.128 g=0.633 (raw v=0.55 g=175.26) | R=+0.5 (Σ=138.5) | GT=8.90m alt=6.1m | buf=20000 loss=0.0000 Zvar=2.762 dt=10ms | Kg=0.000 Pmax=0.00 Qmax=0.0 innov=0.000 flip=0.000 NIS=0.00
[INFO] [1787121554.543486536] [online_rl_controller]:   ║ Eval 4: ✅ timeout | R=141.0 | Steps=300 | DetDelay=2 | FA=0.00
[INFO] [1787121554.543784785] [online_rl_controller]:   ╠═ Survival: 100% | RewardRate: 0.467 | DetDelay: 3.3 | FA: 0.000
  ╚═══════════════════════════════════════════╝
[INFO] [1787121558.020589460] [online_rl_controller]: 
############################################################
  Training Complete | 7978s (133.0min)
  Episodes: 300 | Hard Resets: 1
############################################################
  [Save] results_adam_fdi_v2/final_model.pt (Adam DDQN baseline)
[load] results_adam_fdi_v2/metrics_adam.csv  agent=adam  episodes=292
[saved] results_adam_fdi_v2/metrics_adam.png

=== 최종 구간(마지막 20%) 평균 ===
   agent |   reward    loss     F1  FPrate  delay  crash  exkurt
    adam |     72.2   0.496  0.468   0.212    4.0   0.00    3.01
[INFO] [1787121559.088468889] [online_rl_controller]: [PLOT] 자동 생성 → results_adam_fdi_v2/metrics_adam.png
  [SimManager] Instantly killed PID=1326376 without waiting.
[INFO] [1787121559.090505339] [online_rl_controller]: Shutdown: Training complete
