==========================================================
 [20:55:14] 정합 검증 캡처
   ROTOR_LOG=/home/acsl/projects/Issacsim-rhukf/results_verify_0812c/rotor_log.npz   MOTOR_TAU=기본(0.014)
   patterns=hover,aggressive  bias=0  ep=1  → results_verify_0812c
==========================================================
 [pid 2840182] 시작. 배너 대기...
  [CAPTURE:deadline] 10 cells (2pat × 1bias × 5delay[0,3,5,7,track]) × 1ep | attack_start=30 | disturbance=none
 [20:58:38] 캡처 완료 (경과 200s)
-rw-rw-r-- 1 acsl acsl 16831846 Aug 12 20:58 results_verify_0812c/rotor_log.npz

════════ 판정 ════════

==========================================================================
 ① COM_ALIGN — 호버 트림 τ_norm (부호가 핵심)
==========================================================================
                   roll      pitch        yaw
  sim          -0.00540   -0.04085   -0.00098   (n=107336)
  실기           -0.00731   -0.05539   +0.00417
  부호                 일치         일치        ✗반대
  상대오차              26%        26%       123%

  → ✅ 통과 (피치 부호 일치 + 35% 이내)

==========================================================================
 ② ROTOR_CM — C_torque_z (요 권한)
==========================================================================
  회귀 ω̇z ~ τ_z :  기울기     32.4 rad/s²/unit   R² 0.303   (n=3930)
  C_torque_z = 기울기 × Izz(0.036896) = 1.195   목표 1.378

  → ✅ 통과 (오차 13%)   ROTOR_CM 배율 제안 ×1.153

==========================================================================
 ③ 평시 NIS 바닥 — 실기와 같은 수준인가
==========================================================================
  패턴                   n      vel p50/p95     gyro p50/p95
  hover             1455    0.14/0.29        0.85/0.94    
  aggressive        1455    0.14/0.30        0.83/0.93    

  sim  전체 p50 : vel 0.14   gyro 0.84
  실기 평시 p50 : vel 0.18~0.41   gyro 0.60~1.17

  → ✅ 같은 자릿수 (3배 이내)
     gyro OK · vel OK

==========================================================================
 종합
==========================================================================
  ✅ 세 항목 모두 통과 — 정합 확정 가능
