########## E_FULL START 2026-08-14_17:20:29 ##########

==== [1 E-roll] 17:20:29 type=loe_roll yaw=0.0 ep=6 pats=hover,waypoint,figure8,circle,aggressive ====
     δ= 0.40 0.50 0.60 0.70 0.80 
     [done] results_E_roll rows=600 20:43:59

==============================================================================
 results_E_roll   (권한 4.36 N·m 정규화)
==============================================================================

 [aggressive]  δ=권한대비.  track=무방어 / dhover=명령거부
     δ    Nm | trkSv dh0Sv dh3Sv dh5Sv |  trk표류p95  dh표류p95 |  NIS공p95 roll° | crash
  0.40  1.74 |  1.00  1.00  1.00  1.00 |      6.39     5.20 |   1667.2  16.1 | -
  0.50  2.18 |  1.00  1.00  1.00  1.00 |      6.72     5.20 |   2851.9  20.1 | -
  0.60  2.62 |  1.00  1.00  1.00  1.00 |      7.12     5.20 |   4270.6  24.6 | -
  0.70  3.05 |  1.00  1.00  1.00  1.00 |      7.58     5.20 |   5743.5  31.8 | -
  0.80  3.49 |  0.00  1.00  1.00  1.00 |     19.50     5.21 |   4201.1  49.4 | crash_drift:6

 [circle]  δ=권한대비.  track=무방어 / dhover=명령거부
     δ    Nm | trkSv dh0Sv dh3Sv dh5Sv |  trk표류p95  dh표류p95 |  NIS공p95 roll° | crash
  0.40  1.74 |  1.00  1.00  1.00  1.00 |      6.27     5.20 |   1623.8  17.2 | -
  0.50  2.18 |  1.00  1.00  1.00  1.00 |      6.58     5.20 |   2808.9  21.5 | -
  0.60  2.62 |  1.00  1.00  1.00  1.00 |      6.98     5.19 |   4224.4  26.0 | -
  0.70  3.05 |  1.00  1.00  1.00  1.00 |      8.61     5.19 |   5618.4  32.5 | -
  0.80  3.49 |  0.00  1.00  1.00  1.00 |     24.09     5.19 |   4268.6  50.5 | crash_drift:6

 [figure8]  δ=권한대비.  track=무방어 / dhover=명령거부
     δ    Nm | trkSv dh0Sv dh3Sv dh5Sv |  trk표류p95  dh표류p95 |  NIS공p95 roll° | crash
  0.40  1.74 |  1.00  1.00  1.00  1.00 |      6.30     5.21 |   1671.1  14.3 | -
  0.50  2.18 |  1.00  1.00  1.00  1.00 |      6.80     5.20 |   2854.9  18.4 | -
  0.60  2.62 |  1.00  1.00  1.00  1.00 |      7.05     5.20 |   4272.3  23.2 | -
  0.70  3.05 |  1.00  1.00  1.00  1.00 |      7.66     5.20 |   5801.5  29.6 | -
  0.80  3.49 |  0.00  1.00  1.00  1.00 |     19.45     5.19 |   4350.4  47.2 | crash_drift:6

 [hover]  δ=권한대비.  track=무방어 / dhover=명령거부
     δ    Nm | trkSv dh0Sv dh3Sv dh5Sv |  trk표류p95  dh표류p95 |  NIS공p95 roll° | crash
  0.40  1.74 |  1.00  1.00  1.00  1.00 |      0.61     0.02 |   1649.3  15.7 | -
  0.50  2.18 |  1.00  1.00  1.00  1.00 |      1.00     0.02 |   2838.1  20.0 | -
  0.60  2.62 |  1.00  1.00  1.00  1.00 |      1.51     0.03 |   4231.6  24.6 | -
  0.70  3.05 |  1.00  1.00  1.00  1.00 |      3.89     0.05 |   5716.1  31.2 | -
  0.80  3.49 |  0.00  1.00  1.00  1.00 |     19.98     5.21 |   4431.3  48.8 | crash_drift:6

 [waypoint]  δ=권한대비.  track=무방어 / dhover=명령거부
     δ    Nm | trkSv dh0Sv dh3Sv dh5Sv |  trk표류p95  dh표류p95 |  NIS공p95 roll° | crash
  0.40  1.74 |  1.00  1.00  1.00  1.00 |      6.13     5.21 |   1684.5  15.6 | -
  0.50  2.18 |  1.00  1.00  1.00  1.00 |      6.21     5.21 |   2866.2  19.9 | -
  0.60  2.62 |  1.00  1.00  1.00  1.00 |      6.60     5.21 |   4286.6  24.6 | -
  0.70  3.05 |  1.00  1.00  1.00  1.00 |      7.12     5.21 |   5806.8  31.9 | -
  0.80  3.49 |  0.00  1.00  1.00  1.00 |     19.62     5.22 |   4344.1  49.6 | crash_drift:6

  ─ 하이재킹 밴드 (track 이탈>0.5m ∧ dhover 억제<0.3m ∧ 미추락) ─
    [aggressive]  밴드 없음
    [circle]  밴드 없음
    [figure8]  밴드 없음
    [hover]  δ ∈ [0.4, 0.5, 0.6, 0.7]
    [waypoint]  밴드 없음

==== [2 E-pitch] 20:44:00 type=loe_pitch yaw=0.0 ep=6 pats=hover,waypoint,figure8,circle,aggressive ====
     δ= 0.40 0.50 0.60 0.70 0.80 
     [done] results_E_pitch rows=600 23:53:48

==============================================================================
 results_E_pitch   (권한 4.36 N·m 정규화)
==============================================================================

 [aggressive]  δ=권한대비.  track=무방어 / dhover=명령거부
     δ    Nm | trkSv dh0Sv dh3Sv dh5Sv |  trk표류p95  dh표류p95 |  NIS공p95 roll° | crash
  0.40  1.74 |  1.00  1.00  1.00  1.00 |      1.14     0.02 |    247.1  11.9 | -
  0.50  2.18 |  1.00  1.00  1.00  1.00 |      1.54     0.02 |    299.9  11.7 | -
  0.60  2.62 |  1.00  1.00  1.00  1.00 |      1.97     0.02 |    321.2  11.6 | -
  0.70  3.05 |  1.00  1.00  1.00  1.00 |      3.53     0.03 |    345.3  11.4 | -
  0.80  3.49 |  0.00  1.00  1.00  1.00 |     16.36     0.10 |   1194.9   0.4 | crash_drift:6

 [circle]  δ=권한대비.  track=무방어 / dhover=명령거부
     δ    Nm | trkSv dh0Sv dh3Sv dh5Sv |  trk표류p95  dh표류p95 |  NIS공p95 roll° | crash
  0.40  1.74 |  1.00  1.00  1.00  1.00 |      1.50     0.03 |    507.7   5.1 | -
  0.50  2.18 |  1.00  1.00  1.00  1.00 |      1.83     0.02 |    689.6   6.4 | -
  0.60  2.62 |  1.00  1.00  1.00  1.00 |      2.33     0.03 |    788.8   7.6 | -
  0.70  3.05 |  1.00  1.00  1.00  1.00 |      3.98     0.05 |    897.9   9.5 | -
  0.80  3.49 |  0.00  1.00  1.00  1.00 |     15.89     0.11 |   1805.9  11.1 | crash_drift:6

 [figure8]  δ=권한대비.  track=무방어 / dhover=명령거부
     δ    Nm | trkSv dh0Sv dh3Sv dh5Sv |  trk표류p95  dh표류p95 |  NIS공p95 roll° | crash
  0.40  1.74 |  1.00  1.00  1.00  1.00 |      1.21     0.02 |    238.9   5.4 | -
  0.50  2.18 |  1.00  1.00  1.00  1.00 |      1.59     0.01 |    282.7   6.1 | -
  0.60  2.62 |  1.00  1.00  1.00  1.00 |      2.16     0.02 |    310.2   8.1 | -
  0.70  3.05 |  1.00  1.00  1.00  1.00 |      3.77     0.04 |    344.9  10.4 | -
  0.80  3.49 |  0.00  1.00  1.00  1.00 |     15.36     0.10 |   1238.0  21.2 | crash_drift:6

 [hover]  δ=권한대비.  track=무방어 / dhover=명령거부
     δ    Nm | trkSv dh0Sv dh3Sv dh5Sv |  trk표류p95  dh표류p95 |  NIS공p95 roll° | crash
  0.40  1.74 |  1.00  1.00  1.00  1.00 |      0.57     0.02 |    245.8   0.2 | -
  0.50  2.18 |  1.00  1.00  1.00  1.00 |      0.88     0.02 |    271.2   0.2 | -
  0.60  2.62 |  1.00  1.00  1.00  1.00 |      1.38     0.02 |    303.4   0.2 | -
  0.70  3.05 |  1.00  1.00  1.00  1.00 |      3.60     0.03 |    344.3   0.2 | -
  0.80  3.49 |  0.00  1.00  1.00  1.00 |     16.05     0.10 |   1198.5   0.4 | crash_drift:6

 [waypoint]  δ=권한대비.  track=무방어 / dhover=명령거부
     δ    Nm | trkSv dh0Sv dh3Sv dh5Sv |  trk표류p95  dh표류p95 |  NIS공p95 roll° | crash
  0.40  1.74 |  1.00  1.00  1.00  1.00 |      1.52     0.02 |    236.6  12.7 | -
  0.50  2.18 |  1.00  1.00  1.00  1.00 |      1.91     0.02 |    300.1  12.4 | -
  0.60  2.62 |  1.00  1.00  1.00  1.00 |      2.48     0.03 |    315.7  12.5 | -
  0.70  3.05 |  1.00  1.00  1.00  1.00 |      4.39     0.04 |    352.9  16.2 | -
  0.80  3.49 |  0.00  1.00  1.00  1.00 |     16.23     0.11 |   1187.6   1.9 | crash_drift:6

  ─ 하이재킹 밴드 (track 이탈>0.5m ∧ dhover 억제<0.3m ∧ 미추락) ─
    [aggressive]  δ ∈ [0.4, 0.5, 0.6, 0.7]
    [circle]  δ ∈ [0.4, 0.5, 0.6, 0.7]
    [figure8]  δ ∈ [0.4, 0.5, 0.6, 0.7]
    [hover]  δ ∈ [0.4, 0.5, 0.6, 0.7]
    [waypoint]  δ ∈ [0.4, 0.5, 0.6, 0.7]

==== [3 E-tilt] 23:53:49 type=loe_combined yaw=0.0 ep=6 pats=hover,waypoint,figure8,circle,aggressive ====
     δ= 0.40 0.50 0.60 0.70 0.80 0.85 0.90 
     [done] results_E_tilt rows=840 09:11:53

==============================================================================
 results_E_tilt   (권한 4.36 N·m 정규화)
==============================================================================

 [aggressive]  δ=권한대비.  track=무방어 / dhover=명령거부
     δ    Nm | trkSv dh0Sv dh3Sv dh5Sv |  trk표류p95  dh표류p95 |  NIS공p95 roll° | crash
  0.40  1.74 |  1.00  1.00  1.00  1.00 |      1.47     0.02 |   1789.1  16.1 | -
  0.50  2.18 |  1.00  1.00  1.00  1.00 |      2.14     0.02 |   2937.7  20.7 | -
  0.60  2.62 |  1.00  1.00  1.00  1.00 |      3.03     0.04 |   4386.3  26.7 | -
  0.70  3.05 |  1.00  1.00  1.00  1.00 |      8.73     0.09 |   5997.9  34.4 | -
  0.80  3.49 |  0.00  1.00  1.00  1.00 |     22.56     7.44 |   4977.6  59.0 | crash_drift:6
  0.85  3.71 |  0.00  0.00  0.00  0.00 |      0.60     0.68 |    755.6  72.9 | crash_flip:6
  0.90  3.92 |  0.00  0.00  0.00  0.00 |      0.31     0.28 |    579.9  70.8 | crash_flip:6

 [circle]  δ=권한대비.  track=무방어 / dhover=명령거부
     δ    Nm | trkSv dh0Sv dh3Sv dh5Sv |  trk표류p95  dh표류p95 |  NIS공p95 roll° | crash
  0.40  1.74 |  1.00  1.00  1.00  1.00 |      1.65     0.03 |   1744.5  17.4 | -
  0.50  2.18 |  1.00  1.00  1.00  1.00 |      2.14     0.02 |   2894.9  22.2 | -
  0.60  2.62 |  1.00  1.00  1.00  1.00 |      3.06     0.05 |   4331.5  27.4 | -
  0.70  3.05 |  1.00  1.00  1.00  1.00 |      8.50     0.10 |   5863.9  34.2 | -
  0.80  3.49 |  0.00  1.00  1.00  1.00 |     21.44     7.18 |   4730.5  55.5 | crash_drift:6
  0.85  3.71 |  0.00  0.00  0.00  0.00 |      1.58     1.55 |    805.9  73.4 | crash_flip:6
  0.90  3.92 |  0.00  0.00  0.00  0.00 |      1.26     1.23 |    625.9  70.8 | crash_flip:6

 [figure8]  δ=권한대비.  track=무방어 / dhover=명령거부
     δ    Nm | trkSv dh0Sv dh3Sv dh5Sv |  trk표류p95  dh표류p95 |  NIS공p95 roll° | crash
  0.40  1.74 |  1.00  1.00  1.00  1.00 |      1.40     0.03 |   1796.1  15.2 | -
  0.50  2.18 |  1.00  1.00  1.00  1.00 |      2.15     0.03 |   2935.5  19.9 | -
  0.60  2.62 |  1.00  1.00  1.00  1.00 |      2.85     0.05 |   4388.8  24.6 | -
  0.70  3.05 |  1.00  1.00  1.00  1.00 |      7.48     0.10 |   6045.7  33.4 | -
  0.80  3.49 |  0.00  1.00  1.00  1.00 |     25.23     8.00 |   4974.3  60.1 | crash_drift:6
  0.85  3.71 |  0.00  0.00  0.00  0.00 |      1.43     1.19 |    758.7  71.4 | crash_flip:6
  0.90  3.92 |  0.00  0.00  0.00  0.00 |      1.17     1.08 |    581.1  77.2 | crash_flip:6

 [hover]  δ=권한대비.  track=무방어 / dhover=명령거부
     δ    Nm | trkSv dh0Sv dh3Sv dh5Sv |  trk표류p95  dh표류p95 |  NIS공p95 roll° | crash
  0.40  1.74 |  1.00  1.00  1.00  1.00 |      0.84     0.02 |   1787.3  16.2 | -
  0.50  2.18 |  1.00  1.00  1.00  1.00 |      1.41     0.02 |   2932.1  20.7 | -
  0.60  2.62 |  1.00  1.00  1.00  1.00 |      2.46     0.05 |   4377.9  26.1 | -
  0.70  3.05 |  1.00  1.00  1.00  1.00 |      8.70     0.10 |   5976.7  34.4 | -
  0.80  3.49 |  0.00  1.00  0.83  1.00 |     24.12     5.91 |   4889.1  59.1 | crash_drift:6
  0.85  3.71 |  0.00  0.00  0.00  0.00 |      0.49     0.85 |    676.9  71.6 | crash_flip:6
  0.90  3.92 |  0.00  0.00  0.00  0.00 |      0.14     0.84 |    610.6  78.6 | crash_flip:5,crash_altitude:1

 [waypoint]  δ=권한대비.  track=무방어 / dhover=명령거부
     δ    Nm | trkSv dh0Sv dh3Sv dh5Sv |  trk표류p95  dh표류p95 |  NIS공p95 roll° | crash
  0.40  1.74 |  1.00  1.00  1.00  1.00 |      1.63     0.02 |   1800.1  16.2 | -
  0.50  2.18 |  1.00  1.00  1.00  1.00 |      2.20     0.02 |   2969.8  21.2 | -
  0.60  2.62 |  1.00  1.00  1.00  1.00 |      3.04     0.05 |   4453.9  26.7 | -
  0.70  3.05 |  1.00  1.00  1.00  1.00 |      8.04     0.10 |   6100.6  34.2 | -
  0.80  3.49 |  0.00  1.00  1.00  1.00 |     21.56     6.88 |   4904.8  58.9 | crash_drift:6
  0.85  3.71 |  0.00  0.00  0.00  0.00 |      1.53     2.13 |    772.0  73.8 | crash_flip:6
  0.90  3.92 |  0.00  0.00  0.00  0.00 |      1.25     1.20 |    593.1  81.7 | crash_flip:6

  ─ 하이재킹 밴드 (track 이탈>0.5m ∧ dhover 억제<0.3m ∧ 미추락) ─
    [aggressive]  δ ∈ [0.4, 0.5, 0.6, 0.7]
    [circle]  δ ∈ [0.4, 0.5, 0.6, 0.7]
    [figure8]  δ ∈ [0.4, 0.5, 0.6, 0.7]
    [hover]  δ ∈ [0.4, 0.5, 0.6, 0.7]
    [waypoint]  δ ∈ [0.4, 0.5, 0.6, 0.7]

==== [4 Q·R 격자] 09:11:54 입력=results_E_tilt/zu_log.npz ====
     zu_log 81M
zu_log: 481041 스텝 · 840 에피소드(reset기준) · 공격 304329 / 평시 176712 스텝  fresh 245991

 R_gy    Q_gy |   평시p50   평시p95 |    d′온셋  d′peak    d′평균 |    지속비   채택
--------------------------------------------------------------------------
 0.20   5e-03 |    0.08    0.14 |    2.03    3.41    3.20 |   2.43    ✓
 0.20   1e-03 |    0.36    0.57 |    1.78    2.83    3.10 |   4.68    ✓
 0.20   5e-04 |    0.70    1.08 |    1.73    2.33    2.93 |   6.34    ✓
 0.20   1e-04 |    2.61    4.65 |    1.57    1.94    2.90 |  12.88    ✗
 0.50   5e-03 |    0.07    0.13 |    1.86    3.36    3.41 |   3.71    ✓
 0.50   1e-03 |    0.34    0.52 |    1.72    2.19    2.86 |   7.02    ✓
 0.50   5e-04 |    0.63    0.99 |    1.68    1.92    2.75 |   9.71    ✓
 0.50   1e-04 |    1.61    3.32 |    1.00    1.81    2.54 |  16.37    ✗
 1.00   5e-03 |    0.07    0.12 |    1.78    2.84    3.10 |   4.65    ✓
 1.00   1e-03 |    0.31    0.48 |    1.68    1.93    2.76 |   9.67    ✓
 1.00   5e-04 |    0.52    0.89 |    1.57    1.94    2.91 |  12.82    ✓
 1.00   1e-04 |    1.00    2.16 |    0.73    1.79    2.57 |  17.56    ✗
 2.00   5e-03 |    0.07    0.11 |    1.72    2.34    2.93 |   6.27    ✓
 2.00   1e-03 |    0.25    0.43 |    1.57    1.95    2.92 |  12.76    ✓
 2.00   5e-04 |    0.38    0.73 |    1.09    1.87    2.63 |  15.64    ✓
 2.00   1e-04 |    0.60    1.29 |    0.45    1.91    2.86 |  17.06    ✓

★ 최적(바닥 p95≤2.0 제약): R_gyro=0.2 Q_gyro=5e-03
   d′온셋 2.03 · d′peak 3.41 · 평시 p50 0.08 · 지속 2.4349394592641027
   현행(R0.5 Q5e-4): d′온셋 1.68 · d′peak 1.92 · 평시 p50 0.63

※ d′는 raw NIS 기준. step 공격은 펄스라 d′평균<d′온셋 이 정상(PX4 보상 침묵).
  지속비≈1 = 공격 중 흡수 안 됨(좋음). ≪1 = 필터가 공격을 흡수(고집 부족).
There was an error running python

########## E_FULL DONE 2026-08-15_14:28:59 ##########
