########## FDI COMPARE START 2026-08-15_20:04:55 ##########
  [ok] Isaac 유휴 확인 — FDI 무작위 지시함수 비교 시작 (γ_k=rand:2,6,6,14)

==== [펄스 tilt] 20:04:55 type=loe_combined burst=rand:2,6,6,14 ep=6 ====
     [done] results_F_tilt_pulse rows=600 23:22:18

==== [펄스 roll] 23:22:18 type=loe_roll burst=rand:2,6,6,14 ep=6 ====
     [done] results_F_roll_pulse rows=600 02:24:56

==== [비교] 상수 vs 펄스 02:24:56 ====
--- TILT ---

============================================================================
 상수(results_E_tilt) vs 펄스(results_F_tilt_pulse)  [hover, track=무방어]
============================================================================
    δ |           상수:생존 표류p95 NISp95 NIS평균 |           펄스:생존 표류p95 NISp95 NIS평균
 0.40 |   1.00    0.84    1787    1596       |   1.00    0.42     294     142
 0.50 |   1.00    1.41    2932    2633       |   1.00    0.52     393     204
 0.60 |   1.00    2.46    4378    3910       |   1.00    0.74     585     283
 0.70 |   1.00    8.70    5977    5183       |   1.00    1.04     742     342
 0.80 |   0.00   24.12    4889    2324       |   0.17    3.11     982     491
 0.85 |   0.00    0.49     677     249       |    nan     nan     nan     nan
 0.90 |   0.00    0.14     611     520       |    nan     nan     nan     nan

 읽는 법: 표류↓+생존↑ = 펄스가 덜 결과적.  NISp95 유지 but NIS평균↓ = 펄스=스파이크형(CUSUM 누적 불리·RL 윈도우 유리).
--- ROLL ---

============================================================================
 상수(results_E_roll) vs 펄스(results_F_roll_pulse)  [hover, track=무방어]
============================================================================
    δ |           상수:생존 표류p95 NISp95 NIS평균 |           펄스:생존 표류p95 NISp95 NIS평균
 0.40 |   1.00    0.61    1649    1506       |   1.00    0.31     240     129
 0.50 |   1.00    1.00    2838    2563       |   1.00    0.36     366     193
 0.60 |   1.00    1.51    4232    3849       |   1.00    0.47     555     294
 0.70 |   1.00    3.89    5716    5102       |   1.00    0.65     763     395
 0.80 |   0.00   19.98    4431    2077       |   1.00    2.09    1188     623

 읽는 법: 표류↓+생존↑ = 펄스가 덜 결과적.  NISp95 유지 but NIS평균↓ = 펄스=스파이크형(CUSUM 누적 불리·RL 윈도우 유리).

########## FDI COMPARE DONE 2026-08-16_02:24:58 ##########
