==========================================================
 [02:26:53] 정합 검증 캡처
   ROTOR_LOG=/home/acsl/projects/Issacsim-rhukf/results_p0813_base/rotor_log.npz   MOTOR_TAU=기본(0.014)
   patterns=hover,waypoint,circle,figure8,aggressive  bias=0  ep=1  → results_p0813_base
==========================================================
 [pid 2872287] 시작. 배너 대기...
  [CAPTURE:deadline] 25 cells (5pat × 1bias × 5delay[0,3,5,7,track]) × 1ep | attack_start=30 | disturbance=none
 [02:34:57] 캡처 완료 (경과 480s)
-rw-rw-r-- 1 acsl acsl 42041494 Aug 13 02:34 results_p0813_base/rotor_log.npz

════════ 판정 ════════

==========================================================================
 ① COM_ALIGN — 호버 트림 τ_norm (부호가 핵심)
==========================================================================
                   roll      pitch        yaw
  sim          -0.00530   -0.04192   -0.00025   (n=239929)
  실기           -0.00731   -0.05539   +0.00417
  부호                 일치         일치        ✗반대
  상대오차              27%        24%       106%

  → ✅ 통과 (피치 부호 일치 + 35% 이내)

==========================================================================
 ② ROTOR_CM — C_torque_z (요 권한)
==========================================================================
  회귀 ω̇z ~ τ_z :  기울기     62.4 rad/s²/unit   R² 0.677   (n=28445)
  C_torque_z = 기울기 × Izz(0.036896) = 2.302   목표 1.378

  → ⚠ 재조정 (오차 67%)   ROTOR_CM 배율 제안 ×0.599

==========================================================================
 ③ 평시 NIS 바닥 — 실기와 같은 수준인가
==========================================================================
  패턴                   n      vel p50/p95     gyro p50/p95
  hover             1455    0.11/0.25        0.69/0.76    
  waypoint          1455    0.13/0.34        0.72/1.04    
  circle            1455    0.13/0.32        0.78/0.97    
  figure8           1455    0.12/0.28        0.72/0.97    
  aggressive        1455    0.12/0.29        0.71/0.80    

  sim  전체 p50 : vel 0.12   gyro 0.72
  실기 평시 p50 : vel 0.18~0.41   gyro 0.60~1.17

  → ✅ 같은 자릿수 (3배 이내)
     gyro OK · vel OK

==========================================================================
 종합
==========================================================================
  ⚠ 미통과 항목 있음 — 위 지시대로 재조정 후 재비행
There was an error running python
